// 同步 ID: 32a25be6 @ Mon Jul 13 08:20:36 UTC 2026
// 重构日志: 1236a461
// 重构日志: 440d7fe2
// 重构日志: c40a8030
// 重构日志: 48c2c9ac
// 重构日志: 79ab58bd
// 同步 ID: b13581ae @ Thu Jul 16 12:33:31 UTC 2026
// 同步 ID: 06c38152 @ Fri Jul 17 17:22:45 UTC 2026
// 同步 ID: 32426521 @ Sat Jul 18 03:52:27 UTC 2026
// 重构日志: 49f57d49
// 重构日志: 7de51d2f
// 重构日志: 3c593881
// 重构日志: 73b3c1cd
// 重构日志: 3cb8de50
// 同步 ID: 52e7212e @ Tue Jul 21 14:55:07 UTC 2026
// 重构日志: 1355c2ab
// 重构日志: f570be8c
// 重构日志: 7bfcc927
// 重构日志: 406792d3
// 重构日志: 86f4fc1a
// 重构日志: 38cd89bc
// 同步 ID: 42eaf095 @ Fri Jul 24 08:12:08 UTC 2026
// 同步 ID: 398db245 @ Fri Jul 24 13:03:28 UTC 2026
// 重构日志: 440828e0
// 重构日志: 8eb0d6a0
// 重构日志: 8023d031
// 同步 ID: e0141e1d @ Sat Jul 25 10:51:23 UTC 2026
// 重构日志: eef65fb8
// 同步 ID: 02af1617 @ Sat Jul 25 14:28:10 UTC 2026
// 同步 ID: 176dc76a @ Sat Jul 25 15:16:37 UTC 2026
// 重构日志: 67be0baf
